15:44:31 **** Incremental Build of configuration Release for project pstop ****
make all 
make --no-print-directory pre-build
a9-linaro-pre-build-step
' '
make --no-print-directory main-build
'Building file: ../src/read_vpp.c'
'Invoking: ARM v7 gcc compiler'
arm-none-eabi-gcc -Wall -O2 -c -fmessage-length=0 -MT"src/read_vpp.o" -mcpu=cortex-a9 -mfpu=vfpv3 -mfloat-abi=hard -ID:/Project/ZYNQ/7035/test2023/workspace/DS2023/export/DS2023/sw/DS2023/standalone_domain/bspinclude/include -MMD -MP -MF"src/read_vpp.d" -MT"src/read_vpp.o" -o "src/read_vpp.o" "../src/read_vpp.c"
../src/read_vpp.c: In function 'find_FM_FREQ':
../src/read_vpp.c:415:33: warning: implicit declaration of function 'gcvt' [-Wimplicit-function-declaration]
  415 |                 char*str_buf =  gcvt(MF,3,c);
      |                                 ^~~~
../src/read_vpp.c:415:33: warning: initialization of 'char *' from 'int' makes pointer from integer without a cast [-Wint-conversion]
../src/read_vpp.c:418:34: warning: initialization of 'char *' from 'int' makes pointer from integer without a cast [-Wint-conversion]
  418 |                 char*str_buf2 =  gcvt(delta_F,4,c);
      |                                  ^~~~
../src/read_vpp.c:430:33: warning: initialization of 'char *' from 'int' makes pointer from integer without a cast [-Wint-conversion]
  430 |                 char*str_buf =  gcvt(MF,3,c);
      |                                 ^~~~
../src/read_vpp.c:433:34: warning: initialization of 'char *' from 'int' makes pointer from integer without a cast [-Wint-conversion]
  433 |                 char*str_buf2 =  gcvt(delta_F,4,c);
      |                                  ^~~~
../src/read_vpp.c:444:33: warning: initialization of 'char *' from 'int' makes pointer from integer without a cast [-Wint-conversion]
  444 |                 char*str_buf =  gcvt(MF,3,c);
      |                                 ^~~~
../src/read_vpp.c:447:34: warning: initialization of 'char *' from 'int' makes pointer from integer without a cast [-Wint-conversion]
  447 |                 char*str_buf2 =  gcvt(delta_F,4,c);
      |                                  ^~~~
../src/read_vpp.c:461:33: warning: initialization of 'char *' from 'int' makes pointer from integer without a cast [-Wint-conversion]
  461 |                 char*str_buf =  gcvt(MF,3,c);
      |                                 ^~~~
../src/read_vpp.c:464:34: warning: initialization of 'char *' from 'int' makes pointer from integer without a cast [-Wint-conversion]
  464 |                 char*str_buf2 =  gcvt(delta_F,4,c);
      |                                  ^~~~
../src/read_vpp.c:478:33: warning: initialization of 'char *' from 'int' makes pointer from integer without a cast [-Wint-conversion]
  478 |                 char*str_buf =  gcvt(MF,3,c);
      |                                 ^~~~
../src/read_vpp.c:481:34: warning: initialization of 'char *' from 'int' makes pointer from integer without a cast [-Wint-conversion]
  481 |                 char*str_buf2 =  gcvt(delta_F,4,c);
      |                                  ^~~~
../src/read_vpp.c: In function 'find_FSK_FREQ':
../src/read_vpp.c:502:33: warning: initialization of 'char *' from 'int' makes pointer from integer without a cast [-Wint-conversion]
  502 |                 char*str_buf =  gcvt(HF,3,c);
      |                                 ^~~~
../src/read_vpp.c:511:33: warning: initialization of 'char *' from 'int' makes pointer from integer without a cast [-Wint-conversion]
  511 |                 char*str_buf =  gcvt(HF,3,c);
      |                                 ^~~~
../src/read_vpp.c:522:33: warning: initialization of 'char *' from 'int' makes pointer from integer without a cast [-Wint-conversion]
  522 |                 char*str_buf =  gcvt(HF,3,c);
      |                                 ^~~~
../src/read_vpp.c: In function 'find_mtype':
../src/read_vpp.c:551:41: warning: initialization of 'char *' from 'int' makes pointer from integer without a cast [-Wint-conversion]
  551 |                         char*str_buf =  gcvt(MA_temp,4,c);
      |                                         ^~~~
'Finished building: ../src/read_vpp.c'
' '
'Building target: pstop.elf'
'Invoking: ARM v7 gcc linker'
arm-none-eabi-gcc -mcpu=cortex-a9 -mfpu=vfpv3 -mfloat-abi=hard -Wl,-build-id=none -specs=Xilinx.spec -Wl,-T -Wl,../src/lscript.ld -LD:/Project/ZYNQ/7035/test2023/workspace/DS2023/export/DS2023/sw/DS2023/standalone_domain/bsplib/lib -o "pstop.elf"  ./src/LMH6521.o ./src/TIMER_IRFQ.o ./src/delay.o ./src/helloworld.o ./src/platform.o ./src/read_vpp.o   -Wl,--start-group,-lxil,-lgcc,-lc,--end-group
'Finished building target: pstop.elf'
' '
'Invoking: ARM v7 Print Size'
arm-none-eabi-size pstop.elf  |tee "pstop.elf.size"
   text	   data	    bss	    dec	    hex	filename
  65171	   3468	  23960	  92599	  169b7	pstop.elf
'Finished building: pstop.elf.size'
' '

15:44:32 Build Finished (took 1s.540ms)

