Copyright 1986-2022 Xilinx, Inc. All Rights Reserved.
----------------------------------------------------------------------------------------------
| Tool Version : Vivado v.2022.1 (win64) Build 3526262 Mon Apr 18 15:48:16 MDT 2022
| Date         : Sat Aug  5 09:15:00 2023
| Host         : DESKTOP-PPMNIMR running 64-bit major release  (build 9200)
| Command      : report_clock_utilization -file design_1_wrapper_clock_utilization_routed.rpt
| Design       : design_1_wrapper
| Device       : 7z035-ffg676
| Speed File   : -2  PRODUCTION 1.12 2019-11-22
| Design State : Routed
----------------------------------------------------------------------------------------------

Clock Utilization Report

Table of Contents
-----------------
1. Clock Primitive Utilization
2. Global Clock Resources
3. Global Clock Source Details
4. Local Clock Details
5. Clock Regions: Key Resource Utilization
6. Clock Regions : Global Clock Summary
7. Device Cell Placement Summary for Global Clock g0
8. Device Cell Placement Summary for Global Clock g1
9. Device Cell Placement Summary for Global Clock g2
10. Device Cell Placement Summary for Global Clock g3
11. Device Cell Placement Summary for Global Clock g4
12. Device Cell Placement Summary for Global Clock g5
13. Device Cell Placement Summary for Global Clock g6
14. Device Cell Placement Summary for Global Clock g7
15. Device Cell Placement Summary for Global Clock g8
16. Clock Region Cell Placement per Global Clock: Region X0Y0
17. Clock Region Cell Placement per Global Clock: Region X1Y0
18. Clock Region Cell Placement per Global Clock: Region X0Y1
19. Clock Region Cell Placement per Global Clock: Region X1Y1
20. Clock Region Cell Placement per Global Clock: Region X0Y2
21. Clock Region Cell Placement per Global Clock: Region X1Y2
22. Clock Region Cell Placement per Global Clock: Region X0Y3
23. Clock Region Cell Placement per Global Clock: Region X1Y3
24. Clock Region Cell Placement per Global Clock: Region X0Y4
25. Clock Region Cell Placement per Global Clock: Region X1Y4
26. Clock Region Cell Placement per Global Clock: Region X0Y5
27. Clock Region Cell Placement per Global Clock: Region X1Y5
28. Clock Region Cell Placement per Global Clock: Region X0Y6
29. Clock Region Cell Placement per Global Clock: Region X1Y6

1. Clock Primitive Utilization
------------------------------

+----------+------+-----------+-----+--------------+--------+
| Type     | Used | Available | LOC | Clock Region | Pblock |
+----------+------+-----------+-----+--------------+--------+
| BUFGCTRL |    9 |        32 |   0 |            0 |      0 |
| BUFH     |    0 |       168 |   0 |            0 |      0 |
| BUFIO    |    0 |        32 |   0 |            0 |      0 |
| BUFMR    |    0 |        16 |   0 |            0 |      0 |
| BUFR     |    0 |        32 |   0 |            0 |      0 |
| MMCM     |    0 |         8 |   0 |            0 |      0 |
| PLL      |    0 |         8 |   0 |            0 |      0 |
+----------+------+-----------+-----+--------------+--------+


2. Global Clock Resources
-------------------------

+-----------+-----------+-----------------+------------+----------------+--------------+-------------------+-------------+-----------------+--------------+--------------------------------------------------------------------------------------------+---------------------------------------------------------------------------+--------------------------------------------------------------------+
| Global Id | Source Id | Driver Type/Pin | Constraint | Site           | Clock Region | Load Clock Region | Clock Loads | Non-Clock Loads | Clock Period | Clock                                                                                      | Driver Pin                                                                | Net                                                                |
+-----------+-----------+-----------------+------------+----------------+--------------+-------------------+-------------+-----------------+--------------+--------------------------------------------------------------------------------------------+---------------------------------------------------------------------------+--------------------------------------------------------------------+
| g0        | src0      | BUFG/O          | None       | BUFGCTRL_X0Y16 | n/a          |                14 |       76675 |               0 |       10.000 | clk_fpga_0                                                                                 | design_1_i/processing_system7_0/inst/buffer_fclk_clk_0.FCLK_CLK_0_BUFG/O  | design_1_i/processing_system7_0/inst/FCLK_CLK0                     |
| g1        | src1      | BUFG/O          | None       | BUFGCTRL_X0Y3  | n/a          |                 4 |         489 |               0 |       33.000 | dbg_hub/inst/BSCANID.u_xsdbm_id/SWITCH_N_EXT_BSCAN.bscan_inst/SERIES7_BSCAN.bscan_inst/TCK | dbg_hub/inst/BSCANID.u_xsdbm_id/SWITCH_N_EXT_BSCAN.u_bufg_icon_tck/O      | dbg_hub/inst/BSCANID.u_xsdbm_id/itck_i                             |
| g2        | src2      | BUFG/O          | None       | BUFGCTRL_X0Y5  | n/a          |                 2 |          78 |              65 |              |                                                                                            | design_1_i/FREQ_counter_AM/inst/EN_2_reg_0_BUFG_inst/O                    | design_1_i/FREQ_counter_AM/inst/EN_2_reg_0_BUFG                    |
| g3        | src3      | BUFG/O          | None       | BUFGCTRL_X0Y4  | n/a          |                 2 |          78 |              67 |              |                                                                                            | design_1_i/FREQ_counter_FM/inst/EN_2_reg_0_BUFG_inst/O                    | design_1_i/FREQ_counter_FM/inst/EN_2_reg_0_BUFG                    |
| g4        | src4      | BUFG/O          | None       | BUFGCTRL_X0Y6  | n/a          |                 2 |          78 |              65 |              |                                                                                            | design_1_i/FREQ_counter_PSK/inst/EN_2_reg_0_BUFG_inst/O                   | design_1_i/FREQ_counter_PSK/inst/EN_2_reg_0_BUFG                   |
| g5        | src5      | BUFG/O          | None       | BUFGCTRL_X0Y2  | n/a          |                 7 |          68 |            7918 |              |                                                                                            | design_1_i/PSK_DM_0/inst/test_dmfm/dm1/myclk_diver64/en_reg_0_BUFG_inst/O | design_1_i/PSK_DM_0/inst/test_dmfm/dm1/myclk_diver64/en_reg_0_BUFG |
| g6        | src6      | BUFG/O          | None       | BUFGCTRL_X0Y0  | n/a          |                 8 |          56 |            9708 |              |                                                                                            | design_1_i/FM_DM_0/inst/test_dmfm/dm1/myclk_diver64/CLK_BUFG_inst/O       | design_1_i/FM_DM_0/inst/test_dmfm/dm1/myclk_diver64/CLK_BUFG       |
| g7        | src7      | BUFG/O          | None       | BUFGCTRL_X0Y1  | n/a          |                 9 |          47 |            8502 |              |                                                                                            | design_1_i/AM_DM_0/inst/AMDM1/myclk_diver64/clk_div64_BUFG_inst/O         | design_1_i/AM_DM_0/inst/AMDM1/myclk_diver64/clk_div64_BUFG         |
| g8        | src8      | BUFG/O          | None       | BUFGCTRL_X0Y7  | n/a          |                 3 |          34 |               4 |              |                                                                                            | design_1_i/DAC_3/AD5664_spi_0/inst/clk_25M_BUFG_inst/O                    | design_1_i/DAC_3/AD5664_spi_0/inst/clk_25M_BUFG                    |
+-----------+-----------+-----------------+------------+----------------+--------------+-------------------+-------------+-----------------+--------------+--------------------------------------------------------------------------------------------+---------------------------------------------------------------------------+--------------------------------------------------------------------+
* Clock Loads column represents the clock pin loads (pin count). Internal cell leaf pins are not counted
** Non-Clock Loads column represents the non-clock pin loads (pin count)


3. Global Clock Source Details
------------------------------

+-----------+-----------+-----------------+------------+---------------+--------------+-------------+-----------------+---------------------+--------------------------------------------------------------------------------------------+--------------------------------------------------------------------------------------------+-------------------------------------------------------------------+
| Source Id | Global Id | Driver Type/Pin | Constraint | Site          | Clock Region | Clock Loads | Non-Clock Loads | Source Clock Period | Source Clock                                                                               | Driver Pin                                                                                 | Net                                                               |
+-----------+-----------+-----------------+------------+---------------+--------------+-------------+-----------------+---------------------+--------------------------------------------------------------------------------------------+--------------------------------------------------------------------------------------------+-------------------------------------------------------------------+
| src0      | g0        | PS7/FCLKCLK[0]  | PS7_X0Y0   | PS7_X0Y0      | X0Y6         |           1 |               0 |              10.000 | clk_fpga_0                                                                                 | design_1_i/processing_system7_0/inst/PS7_i/FCLKCLK[0]                                      | design_1_i/processing_system7_0/inst/FCLK_CLK_unbuffered[0]       |
| src1      | g1        | BSCANE2/TCK     | None       | BSCAN_X0Y0    | X1Y5         |           1 |               0 |              33.000 | dbg_hub/inst/BSCANID.u_xsdbm_id/SWITCH_N_EXT_BSCAN.bscan_inst/SERIES7_BSCAN.bscan_inst/TCK | dbg_hub/inst/BSCANID.u_xsdbm_id/SWITCH_N_EXT_BSCAN.bscan_inst/SERIES7_BSCAN.bscan_inst/TCK | dbg_hub/inst/BSCANID.u_xsdbm_id/SWITCH_N_EXT_BSCAN.bscan_inst/TCK |
| src2      | g2        | FDRE/Q          | None       | SLICE_X64Y234 | X0Y4         |           1 |               0 |                     |                                                                                            | design_1_i/FREQ_counter_AM/inst/EN_2_reg/Q                                                 | design_1_i/FREQ_counter_AM/inst/EN_2_reg_0                        |
| src3      | g3        | FDRE/Q          | None       | SLICE_X61Y265 | X0Y5         |           1 |               0 |                     |                                                                                            | design_1_i/FREQ_counter_FM/inst/EN_2_reg/Q                                                 | design_1_i/FREQ_counter_FM/inst/EN_2_reg_0                        |
| src4      | g4        | FDRE/Q          | None       | SLICE_X60Y243 | X0Y4         |           1 |               0 |                     |                                                                                            | design_1_i/FREQ_counter_PSK/inst/EN_2_reg/Q                                                | design_1_i/FREQ_counter_PSK/inst/EN_2_reg_0                       |
| src5      | g5        | FDRE/Q          | None       | SLICE_X87Y145 | X0Y2         |           1 |               0 |                     |                                                                                            | design_1_i/PSK_DM_0/inst/test_dmfm/dm1/myclk_diver64/en_reg/Q                              | design_1_i/PSK_DM_0/inst/test_dmfm/dm1/myclk_diver64/en_reg_0     |
| src6      | g6        | FDRE/Q          | None       | SLICE_X91Y148 | X1Y2         |           1 |               0 |                     |                                                                                            | design_1_i/FM_DM_0/inst/test_dmfm/dm1/myclk_diver64/en_reg/Q                               | design_1_i/FM_DM_0/inst/test_dmfm/dm1/myclk_diver64/CLK           |
| src7      | g7        | FDRE/Q          | None       | SLICE_X89Y146 | X0Y2         |           1 |               0 |                     |                                                                                            | design_1_i/AM_DM_0/inst/AMDM1/myclk_diver64/en_reg/Q                                       | design_1_i/AM_DM_0/inst/AMDM1/myclk_diver64/clk_div64             |
| src8      | g8        | FDRE/Q          | None       | SLICE_X90Y170 | X1Y3         |           1 |               0 |                     |                                                                                            | design_1_i/DAC_3/AD5664_spi_0/inst/clk_25M_buf_reg/Q                                       | design_1_i/DAC_3/AD5664_spi_0/inst/clk_25M                        |
+-----------+-----------+-----------------+------------+---------------+--------------+-------------+-----------------+---------------------+--------------------------------------------------------------------------------------------+--------------------------------------------------------------------------------------------+-------------------------------------------------------------------+
* Clock Loads column represents the clock pin loads (pin count). Internal cell leaf pins are not counted
** Non-Clock Loads column represents the non-clock pin loads (pin count)


4. Local Clock Details
----------------------

+----------+-----------------+------------+--------------------+--------------+-------------+-----------------+--------------+-------+---------------------------------------------------------+-------------------------------------------------------+
| Local Id | Driver Type/Pin | Constraint | Site/BEL           | Clock Region | Clock Loads | Non-Clock Loads | Clock Period | Clock | Driver Pin                                              | Net                                                   |
+----------+-----------------+------------+--------------------+--------------+-------------+-----------------+--------------+-------+---------------------------------------------------------+-------------------------------------------------------||
| 0        | FDRE/Q          | None       | SLICE_X60Y258/AFF  | X0Y5         |          26 |               2 |              |       | design_1_i/DAC_1/DAC8830_spi_0/inst/clk_25M_buf_reg/Q   | design_1_i/DAC_1/DAC8830_spi_0/inst/clk_25M           - Static -
| 1        | FDRE/Q          | None       | SLICE_X76Y233/AFF  | X0Y4         |          23 |               2 |              |       | design_1_i/DAC_2/DAC8830_spi_0/inst/clk_25M_buf_reg/Q   | design_1_i/DAC_2/DAC8830_spi_0/inst/clk_25M           - Static -
| 2        | FDRE/Q          | None       | SLICE_X56Y249/AFF  | X0Y4         |          16 |               6 |              |       | design_1_i/DAC_1/DAC8830_WR_0/inst/WB_reg/Q             | design_1_i/DAC_1/DAC8830_WR_0/inst/WB                 - Static -
| 3        | FDRE/Q          | None       | SLICE_X57Y250/AFF  | X0Y5         |          16 |               6 |              |       | design_1_i/DAC_3/AD5664_WR_0/inst/WB_reg/Q              | design_1_i/DAC_3/AD5664_WR_0/inst/WB                  - Static -
| 4        | FDRE/Q          | None       | SLICE_X61Y236/AFF  | X0Y4         |          16 |               0 |              |       | design_1_i/FREQ_counter_AM/inst/myff/SQ_data_reg/Q      | design_1_i/FREQ_counter_AM/inst/myff/SQ_data_reg_0    - Static -
| 5        | FDRE/Q          | None       | SLICE_X63Y264/AFF  | X0Y5         |          16 |               2 |              |       | design_1_i/FREQ_counter_FM/inst/myff/SQ_data_reg/Q      | design_1_i/FREQ_counter_FM/inst/myff/SQ_data_reg_0    - Static -
| 6        | FDRE/Q          | None       | SLICE_X63Y245/AFF  | X0Y4         |          16 |               0 |              |       | design_1_i/FREQ_counter_PSK/inst/myff/SQ_data_reg/Q     | design_1_i/FREQ_counter_PSK/inst/myff/SQ_data_reg_0   - Static -
| 7        | FDRE/Q          | None       | SLICE_X67Y232/AFF  | X0Y4         |          13 |               6 |              |       | design_1_i/DAC_2/DAC8830_WR_0/inst/WB_reg/Q             | design_1_i/DAC_2/DAC8830_WR_0/inst/WB                 - Static -
| 8        | FDRE/Q          | None       | SLICE_X93Y275/AFF  | X1Y5         |           2 |               6 |              |       | design_1_i/MOV_VPP_TOP_FM/inst/test_vpp/clk1k_reg/Q     | design_1_i/MOV_VPP_TOP_FM/inst/test_vpp/clk1k         - Static -
| 9        | FDRE/Q          | None       | SLICE_X53Y245/A5FF | X0Y4         |           1 |               0 |              |       | design_1_i/DAC_1/DAC8830_WR_0/inst/clk_WB/en_reg/Q      | design_1_i/DAC_1/DAC8830_WR_0/inst/clk_WB/en          - Static -
| 10       | FDRE/Q          | None       | SLICE_X57Y258/C5FF | X0Y5         |           1 |               0 |              |       | design_1_i/DAC_1/DAC8830_spi_0/inst/clk_50Mhz/en_reg/Q  | design_1_i/DAC_1/DAC8830_spi_0/inst/clk_50Mhz/clk_50M - Static -
| 11       | FDRE/Q          | None       | SLICE_X68Y232/AFF  | X0Y4         |           1 |               0 |              |       | design_1_i/DAC_2/DAC8830_WR_0/inst/clk_WB/en_reg/Q      | design_1_i/DAC_2/DAC8830_WR_0/inst/clk_WB/en          - Static -
| 12       | FDRE/Q          | None       | SLICE_X76Y234/A5FF | X0Y4         |           1 |               0 |              |       | design_1_i/DAC_2/DAC8830_spi_0/inst/clk_50Mhz/en_reg/Q  | design_1_i/DAC_2/DAC8830_spi_0/inst/clk_50Mhz/clk_50M - Static -
| 13       | FDRE/Q          | None       | SLICE_X59Y249/AFF  | X0Y4         |           1 |               0 |              |       | design_1_i/DAC_3/AD5664_WR_0/inst/clk_WB/en_reg/Q       | design_1_i/DAC_3/AD5664_WR_0/inst/clk_WB/en           - Static -
| 14       | FDRE/Q          | None       | SLICE_X90Y174/A5FF | X1Y3         |           1 |               0 |              |       | design_1_i/DAC_3/AD5664_spi_0/inst/clk_50Mhz/en_reg/Q   | design_1_i/DAC_3/AD5664_spi_0/inst/clk_50Mhz/clk_50M  - Static -
| 15       | FDRE/Q          | None       | SLICE_X73Y275/DFF  | X0Y5         |           1 |               0 |              |       | design_1_i/MOV_VPP_TOP_AM/inst/test_vpp/clk_2k/en_reg/Q | design_1_i/MOV_VPP_TOP_AM/inst/test_vpp/clk_2k/en     - Static -
| 16       | FDRE/Q          | None       | SLICE_X93Y274/AFF  | X1Y5         |           1 |               0 |              |       | design_1_i/MOV_VPP_TOP_FM/inst/test_vpp/clk_2k/en_reg/Q | design_1_i/MOV_VPP_TOP_FM/inst/test_vpp/clk_2k/en     - Static -
| 17       | FDRE/Q          | None       | SLICE_X55Y274/A5FF | X0Y5         |           1 |               0 |              |       | design_1_i/clock_1M_0/inst/clk_1Mhz/en_reg/Q            | design_1_i/clock_1M_0/inst/clk_1Mhz/clk_1M            - Static -
+----------+-----------------+------------+--------------------+--------------+-------------+-----------------+--------------+-------+---------------------------------------------------------+-------------------------------------------------------||
* Local Clocks in this context represents only clocks driven by non-global buffers
** Clock Loads column represents the clock pin loads (pin count). Internal cell leaf pins are not counted
*** Non-Clock Loads column represents the non-clock pin loads (pin count)


5. Clock Regions: Key Resource Utilization
------------------------------------------

+-------------------+--------------+--------------+--------------+--------------+--------------+--------------+--------------+--------------+--------------+--------------+---------------+--------------+--------------+--------------+--------------+
|                   | Global Clock |     BUFRs    |    BUFMRs    |    BUFIOs    |     MMCM     |      PLL     |      GT      |      PCI     |    ILOGIC    |    OLOGIC    |       FF      |     LUTM     |    RAMB18    |    RAMB36    |    DSP48E2   |
+-------------------+------+-------+------+-------+------+-------+------+-------+------+-------+------+-------+------+-------+------+-------+------+-------+------+-------+-------+-------+------+-------+------+-------+------+-------+------+-------+
| Clock Region Name | Used | Avail | Used | Avail | Used | Avail | Used | Avail | Used | Avail | Used | Avail | Used | Avail | Used | Avail | Used | Avail | Used | Avail | Used  | Avail | Used | Avail | Used | Avail | Used | Avail | Used | Avail |
+-------------------+------+-------+------+-------+------+-------+------+-------+------+-------+------+-------+------+-------+------+-------+------+-------+------+-------+-------+-------+------+-------+------+-------+------+-------+------+-------+
| X0Y0              |    1 |    12 |    0 |     4 |    0 |     2 |    0 |     4 |    0 |     1 |    0 |     1 |    0 |     0 |    0 |     0 |    0 |    50 |    0 |    50 |  2772 |  4500 | 1092 |  1600 |    0 |    80 |    0 |    40 |    0 |    80 |
| X1Y0              |    1 |    12 |    0 |     0 |    0 |     0 |    0 |     0 |    0 |     0 |    0 |     0 |    0 |     4 |    0 |     0 |    0 |     0 |    0 |     0 |  1828 |  3700 |  648 |  1050 |    0 |    80 |    0 |    40 |    0 |    60 |
| X0Y1              |    1 |    12 |    0 |     4 |    0 |     2 |    0 |     4 |    0 |     1 |    0 |     1 |    0 |     0 |    0 |     0 |    0 |    50 |    0 |    50 |  2915 |  4500 | 1139 |  1600 |    0 |    80 |    0 |    40 |   43 |    80 |
| X1Y1              |    1 |    12 |    0 |     0 |    0 |     0 |    0 |     0 |    0 |     0 |    0 |     0 |    0 |     4 |    0 |     0 |    0 |     0 |    0 |     0 |  2401 |  3700 |  818 |  1050 |    0 |    80 |    0 |    40 |   40 |    60 |
| X0Y2              |    1 |    12 |    0 |     4 |    0 |     2 |    0 |     4 |    0 |     1 |    0 |     1 |    0 |     0 |    0 |     0 |    0 |    50 |    0 |    50 |  3508 |  4500 | 1871 |  1600 |    0 |    80 |   23 |    40 |   77 |    80 |
| X1Y2              |    2 |    12 |    0 |     0 |    0 |     0 |    0 |     0 |    0 |     0 |    0 |     0 |    0 |     4 |    0 |     0 |    0 |     0 |    0 |     0 |  3117 |  3700 |  905 |  1050 |    0 |    80 |   10 |    40 |   56 |    60 |
| X0Y3              |    4 |    12 |    0 |     4 |    0 |     2 |    0 |     4 |    0 |     1 |    0 |     1 |    0 |     0 |    0 |     0 |    0 |    50 |    0 |    50 |  7527 |  4500 | 4635 |  1600 |    0 |    80 |   33 |    40 |   78 |    80 |
| X1Y3              |    5 |    12 |    0 |     0 |    0 |     0 |    0 |     0 |    0 |     0 |    0 |     0 |    0 |     4 |    0 |     1 |    0 |     0 |    0 |     0 |  5401 |  3550 | 1723 |  1000 |    0 |    70 |   21 |    35 |   45 |    60 |
| X0Y4              |    8 |    12 |    0 |     4 |    0 |     2 |    0 |     4 |    0 |     1 |    0 |     1 |    0 |     0 |    0 |     0 |    0 |    50 |    0 |    50 | 10170 |  4500 | 4459 |  1600 |    0 |    80 |   26 |    40 |   51 |    80 |
| X1Y4              |    5 |    12 |    0 |     4 |    0 |     2 |    0 |     4 |    0 |     1 |    0 |     1 |    0 |     0 |    0 |     0 |    0 |    50 |    0 |    50 | 10111 |  4100 | 2932 |  1150 |    0 |   100 |   27 |    50 |   43 |    60 |
| X0Y5              |    8 |    12 |    0 |     0 |    0 |     0 |    0 |     0 |    0 |     0 |    0 |     0 |    0 |     0 |    0 |     0 |    0 |     0 |    0 |     0 |  6298 |  3200 | 3333 |  1000 |    0 |    40 |   16 |    20 |    0 |    40 |
| X1Y5              |    5 |    12 |    0 |     4 |    0 |     2 |    0 |     4 |    0 |     1 |    0 |     1 |    0 |     0 |    0 |     0 |    0 |    50 |    0 |    50 |  5282 |  3500 | 2174 |  1150 |    0 |   100 |    9 |    50 |    0 |    60 |
| X0Y6              |    5 |    12 |    0 |     0 |    0 |     0 |    0 |     0 |    0 |     0 |    0 |     0 |    0 |     0 |    0 |     0 |    0 |     0 |    0 |     0 |  2271 |  3200 | 1151 |  1000 |    0 |    40 |    9 |    20 |    0 |    40 |
| X1Y6              |    4 |    12 |    0 |     4 |    0 |     2 |    0 |     4 |    0 |     1 |    0 |     1 |    0 |     0 |    0 |     0 |    0 |    50 |    0 |    50 |   639 |  3500 |  221 |  1150 |    0 |   100 |    0 |    50 |    0 |    60 |
+-------------------+------+-------+------+-------+------+-------+------+-------+------+-------+------+-------+------+-------+------+-------+------+-------+------+-------+-------+-------+------+-------+------+-------+------+-------+------+-------+
* Global Clock column represents track count; while other columns represents cell counts


6. Clock Regions : Global Clock Summary
---------------------------------------

All Modules
+----+----+----+
|    | X0 | X1 |
+----+----+----+
| Y6 |  5 |  4 |
| Y5 |  8 |  5 |
| Y4 |  8 |  5 |
| Y3 |  4 |  5 |
| Y2 |  1 |  2 |
| Y1 |  1 |  1 |
| Y0 |  1 |  1 |
+----+----+----+


7. Device Cell Placement Summary for Global Clock g0
----------------------------------------------------

+-----------+-----------------+-------------------+------------+-------------+---------------+-------------+----------+----------------+----------+------------------------------------------------+
| Global Id | Driver Type/Pin | Driver Region (D) | Clock      | Period (ns) | Waveform (ns) | Slice Loads | IO Loads | Clocking Loads | GT Loads | Net                                            |
+-----------+-----------------+-------------------+------------+-------------+---------------+-------------+----------+----------------+----------+------------------------------------------------+
| g0        | BUFG/O          | n/a               | clk_fpga_0 |      10.000 | {0.000 5.000} |       75662 |        0 |              0 |        0 | design_1_i/processing_system7_0/inst/FCLK_CLK0 |
+-----------+-----------------+-------------------+------------+-------------+---------------+-------------+----------+----------------+----------+------------------------------------------------+
* Slice Loads column represents load cell count of all cell types other than IO, GT and clock resources
** IO Loads column represents load cell count of IO types
*** Clocking Loads column represents load cell count that are clock resources (global clock buffer, MMCM, PLL, etc)
**** GT Loads column represents load cell count of GT types


+----+--------+--------+-----------------------+
|    | X0     | X1     | HORIZONTAL PROG DELAY |
+----+--------+--------+-----------------------+
| Y6 |   2695 |    647 |                     0 |
| Y5 |   9074 |   5677 |                     0 |
| Y4 |  13015 |  10719 |                     0 |
| Y3 |  10821 |   5731 |                     0 |
| Y2 |   4128 |   3156 |                     0 |
| Y1 |   2958 |   2441 |                     0 |
| Y0 |   2772 |   1828 |                     0 |
+----+--------+--------+-----------------------+


8. Device Cell Placement Summary for Global Clock g1
----------------------------------------------------

+-----------+-----------------+-------------------+--------------------------------------------------------------------------------------------+-------------+----------------+-------------+----------+----------------+----------+----------------------------------------+
| Global Id | Driver Type/Pin | Driver Region (D) | Clock                                                                                      | Period (ns) | Waveform (ns)  | Slice Loads | IO Loads | Clocking Loads | GT Loads | Net                                    |
+-----------+-----------------+-------------------+--------------------------------------------------------------------------------------------+-------------+----------------+-------------+----------+----------------+----------+----------------------------------------+
| g1        | BUFG/O          | n/a               | dbg_hub/inst/BSCANID.u_xsdbm_id/SWITCH_N_EXT_BSCAN.bscan_inst/SERIES7_BSCAN.bscan_inst/TCK |      33.000 | {0.000 16.500} |         486 |        0 |              0 |        0 | dbg_hub/inst/BSCANID.u_xsdbm_id/itck_i |
+-----------+-----------------+-------------------+--------------------------------------------------------------------------------------------+-------------+----------------+-------------+----------+----------------+----------+----------------------------------------+
* Slice Loads column represents load cell count of all cell types other than IO, GT and clock resources
** IO Loads column represents load cell count of IO types
*** Clocking Loads column represents load cell count that are clock resources (global clock buffer, MMCM, PLL, etc)
**** GT Loads column represents load cell count of GT types


+----+------+-----+-----------------------+
|    | X0   | X1  | HORIZONTAL PROG DELAY |
+----+------+-----+-----------------------+
| Y6 |    0 |   0 |                     - |
| Y5 |   90 |  39 |                     0 |
| Y4 |  354 |   3 |                     0 |
| Y3 |    0 |   0 |                     - |
| Y2 |    0 |   0 |                     - |
| Y1 |    0 |   0 |                     - |
| Y0 |    0 |   0 |                     - |
+----+------+-----+-----------------------+


9. Device Cell Placement Summary for Global Clock g2
----------------------------------------------------

+-----------+-----------------+-------------------+-------+-------------+---------------+-------------+----------+----------------+----------+-------------------------------------------------+
| Global Id | Driver Type/Pin | Driver Region (D) | Clock | Period (ns) | Waveform (ns) | Slice Loads | IO Loads | Clocking Loads | GT Loads | Net                                             |
+-----------+-----------------+-------------------+-------+-------------+---------------+-------------+----------+----------------+----------+-------------------------------------------------+
| g2        | BUFG/O          | n/a               |       |             |               |         143 |        0 |              0 |        0 | design_1_i/FREQ_counter_AM/inst/EN_2_reg_0_BUFG |
+-----------+-----------------+-------------------+-------+-------------+---------------+-------------+----------+----------------+----------+-------------------------------------------------+
* Slice Loads column represents load cell count of all cell types other than IO, GT and clock resources
** IO Loads column represents load cell count of IO types
*** Clocking Loads column represents load cell count that are clock resources (global clock buffer, MMCM, PLL, etc)
**** GT Loads column represents load cell count of GT types


+----+------+----+-----------------------+
|    | X0   | X1 | HORIZONTAL PROG DELAY |
+----+------+----+-----------------------+
| Y6 |    0 |  0 |                     - |
| Y5 |  142 |  0 |                     0 |
| Y4 |    1 |  0 |                     0 |
| Y3 |    0 |  0 |                     - |
| Y2 |    0 |  0 |                     - |
| Y1 |    0 |  0 |                     - |
| Y0 |    0 |  0 |                     - |
+----+------+----+-----------------------+


10. Device Cell Placement Summary for Global Clock g3
-----------------------------------------------------

+-----------+-----------------+-------------------+-------+-------------+---------------+-------------+----------+----------------+----------+-------------------------------------------------+
| Global Id | Driver Type/Pin | Driver Region (D) | Clock | Period (ns) | Waveform (ns) | Slice Loads | IO Loads | Clocking Loads | GT Loads | Net                                             |
+-----------+-----------------+-------------------+-------+-------------+---------------+-------------+----------+----------------+----------+-------------------------------------------------+
| g3        | BUFG/O          | n/a               |       |             |               |         145 |        0 |              0 |        0 | design_1_i/FREQ_counter_FM/inst/EN_2_reg_0_BUFG |
+-----------+-----------------+-------------------+-------+-------------+---------------+-------------+----------+----------------+----------+-------------------------------------------------+
* Slice Loads column represents load cell count of all cell types other than IO, GT and clock resources
** IO Loads column represents load cell count of IO types
*** Clocking Loads column represents load cell count that are clock resources (global clock buffer, MMCM, PLL, etc)
**** GT Loads column represents load cell count of GT types


+----+-----+----+-----------------------+
|    | X0  | X1 | HORIZONTAL PROG DELAY |
+----+-----+----+-----------------------+
| Y6 |  71 |  0 |                     0 |
| Y5 |  74 |  0 |                     0 |
| Y4 |   0 |  0 |                     - |
| Y3 |   0 |  0 |                     - |
| Y2 |   0 |  0 |                     - |
| Y1 |   0 |  0 |                     - |
| Y0 |   0 |  0 |                     - |
+----+-----+----+-----------------------+


11. Device Cell Placement Summary for Global Clock g4
-----------------------------------------------------

+-----------+-----------------+-------------------+-------+-------------+---------------+-------------+----------+----------------+----------+--------------------------------------------------+
| Global Id | Driver Type/Pin | Driver Region (D) | Clock | Period (ns) | Waveform (ns) | Slice Loads | IO Loads | Clocking Loads | GT Loads | Net                                              |
+-----------+-----------------+-------------------+-------+-------------+---------------+-------------+----------+----------------+----------+--------------------------------------------------+
| g4        | BUFG/O          | n/a               |       |             |               |         143 |        0 |              0 |        0 | design_1_i/FREQ_counter_PSK/inst/EN_2_reg_0_BUFG |
+-----------+-----------------+-------------------+-------+-------------+---------------+-------------+----------+----------------+----------+--------------------------------------------------+
* Slice Loads column represents load cell count of all cell types other than IO, GT and clock resources
** IO Loads column represents load cell count of IO types
*** Clocking Loads column represents load cell count that are clock resources (global clock buffer, MMCM, PLL, etc)
**** GT Loads column represents load cell count of GT types


+----+------+----+-----------------------+
|    | X0   | X1 | HORIZONTAL PROG DELAY |
+----+------+----+-----------------------+
| Y6 |  142 |  0 |                     0 |
| Y5 |    0 |  0 |                     - |
| Y4 |    1 |  0 |                     0 |
| Y3 |    0 |  0 |                     - |
| Y2 |    0 |  0 |                     - |
| Y1 |    0 |  0 |                     - |
| Y0 |    0 |  0 |                     - |
+----+------+----+-----------------------+


12. Device Cell Placement Summary for Global Clock g5
-----------------------------------------------------

+-----------+-----------------+-------------------+-------+-------------+---------------+-------------+----------+----------------+----------+--------------------------------------------------------------------+
| Global Id | Driver Type/Pin | Driver Region (D) | Clock | Period (ns) | Waveform (ns) | Slice Loads | IO Loads | Clocking Loads | GT Loads | Net                                                                |
+-----------+-----------------+-------------------+-------+-------------+---------------+-------------+----------+----------------+----------+--------------------------------------------------------------------+
| g5        | BUFG/O          | n/a               |       |             |               |        7986 |        0 |              0 |        0 | design_1_i/PSK_DM_0/inst/test_dmfm/dm1/myclk_diver64/en_reg_0_BUFG |
+-----------+-----------------+-------------------+-------+-------------+---------------+-------------+----------+----------------+----------+--------------------------------------------------------------------+
* Slice Loads column represents load cell count of all cell types other than IO, GT and clock resources
** IO Loads column represents load cell count of IO types
*** Clocking Loads column represents load cell count that are clock resources (global clock buffer, MMCM, PLL, etc)
**** GT Loads column represents load cell count of GT types


+----+-------+-------+-----------------------+
|    | X0    | X1    | HORIZONTAL PROG DELAY |
+----+-------+-------+-----------------------+
| Y6 |     0 |   114 |                     0 |
| Y5 |   519 |  1337 |                     0 |
| Y4 |  2331 |  2309 |                     0 |
| Y3 |   311 |  1065 |                     0 |
| Y2 |     0 |     0 |                     - |
| Y1 |     0 |     0 |                     - |
| Y0 |     0 |     0 |                     - |
+----+-------+-------+-----------------------+


13. Device Cell Placement Summary for Global Clock g6
-----------------------------------------------------

+-----------+-----------------+-------------------+-------+-------------+---------------+-------------+----------+----------------+----------+--------------------------------------------------------------+
| Global Id | Driver Type/Pin | Driver Region (D) | Clock | Period (ns) | Waveform (ns) | Slice Loads | IO Loads | Clocking Loads | GT Loads | Net                                                          |
+-----------+-----------------+-------------------+-------+-------------+---------------+-------------+----------+----------------+----------+--------------------------------------------------------------+
| g6        | BUFG/O          | n/a               |       |             |               |        9764 |        0 |              0 |        0 | design_1_i/FM_DM_0/inst/test_dmfm/dm1/myclk_diver64/CLK_BUFG |
+-----------+-----------------+-------------------+-------+-------------+---------------+-------------+----------+----------------+----------+--------------------------------------------------------------+
* Slice Loads column represents load cell count of all cell types other than IO, GT and clock resources
** IO Loads column represents load cell count of IO types
*** Clocking Loads column represents load cell count that are clock resources (global clock buffer, MMCM, PLL, etc)
**** GT Loads column represents load cell count of GT types


+----+-------+-------+-----------------------+
|    | X0    | X1    | HORIZONTAL PROG DELAY |
+----+-------+-------+-----------------------+
| Y6 |   333 |   340 |                     0 |
| Y5 |  1152 |  1499 |                     0 |
| Y4 |  1421 |  3844 |                     0 |
| Y3 |   787 |   388 |                     0 |
| Y2 |     0 |     0 |                     - |
| Y1 |     0 |     0 |                     - |
| Y0 |     0 |     0 |                     - |
+----+-------+-------+-----------------------+


14. Device Cell Placement Summary for Global Clock g7
-----------------------------------------------------

+-----------+-----------------+-------------------+-------+-------------+---------------+-------------+----------+----------------+----------+------------------------------------------------------------+
| Global Id | Driver Type/Pin | Driver Region (D) | Clock | Period (ns) | Waveform (ns) | Slice Loads | IO Loads | Clocking Loads | GT Loads | Net                                                        |
+-----------+-----------------+-------------------+-------+-------------+---------------+-------------+----------+----------------+----------+------------------------------------------------------------+
| g7        | BUFG/O          | n/a               |       |             |               |        8549 |        0 |              0 |        0 | design_1_i/AM_DM_0/inst/AMDM1/myclk_diver64/clk_div64_BUFG |
+-----------+-----------------+-------------------+-------+-------------+---------------+-------------+----------+----------------+----------+------------------------------------------------------------+
* Slice Loads column represents load cell count of all cell types other than IO, GT and clock resources
** IO Loads column represents load cell count of IO types
*** Clocking Loads column represents load cell count that are clock resources (global clock buffer, MMCM, PLL, etc)
**** GT Loads column represents load cell count of GT types


+----+-------+-------+-----------------------+
|    | X0    | X1    | HORIZONTAL PROG DELAY |
+----+-------+-------+-----------------------+
| Y6 |   136 |   166 |                     0 |
| Y5 |  1497 |  1583 |                     0 |
| Y4 |   740 |  1273 |                     0 |
| Y3 |  1399 |   587 |                     0 |
| Y2 |     0 |  1168 |                     0 |
| Y1 |     0 |     0 |                     - |
| Y0 |     0 |     0 |                     - |
+----+-------+-------+-----------------------+


15. Device Cell Placement Summary for Global Clock g8
-----------------------------------------------------

+-----------+-----------------+-------------------+-------+-------------+---------------+-------------+----------+----------------+----------+-------------------------------------------------+
| Global Id | Driver Type/Pin | Driver Region (D) | Clock | Period (ns) | Waveform (ns) | Slice Loads | IO Loads | Clocking Loads | GT Loads | Net                                             |
+-----------+-----------------+-------------------+-------+-------------+---------------+-------------+----------+----------------+----------+-------------------------------------------------+
| g8        | BUFG/O          | n/a               |       |             |               |          38 |        0 |              0 |        0 | design_1_i/DAC_3/AD5664_spi_0/inst/clk_25M_BUFG |
+-----------+-----------------+-------------------+-------+-------------+---------------+-------------+----------+----------------+----------+-------------------------------------------------+
* Slice Loads column represents load cell count of all cell types other than IO, GT and clock resources
** IO Loads column represents load cell count of IO types
*** Clocking Loads column represents load cell count that are clock resources (global clock buffer, MMCM, PLL, etc)
**** GT Loads column represents load cell count of GT types


+----+-----+----+-----------------------+
|    | X0  | X1 | HORIZONTAL PROG DELAY |
+----+-----+----+-----------------------+
| Y6 |   0 |  0 |                     - |
| Y5 |  36 |  0 |                     0 |
| Y4 |   1 |  0 |                     0 |
| Y3 |   0 |  1 |                     0 |
| Y2 |   0 |  0 |                     - |
| Y1 |   0 |  0 |                     - |
| Y0 |   0 |  0 |                     - |
+----+-----+----+-----------------------+


16. Clock Region Cell Placement per Global Clock: Region X0Y0
-------------------------------------------------------------

+-----------+-------+-----------------+------------+-------------+-----------------+------+-------------+------+-----+----+------+-----+---------+------------------------------------------------+
| Global Id | Track | Driver Type/Pin | Constraint | Clock Loads | Non-Clock Loads | FF   | Memory LUTs | RAMB | DSP | GT | MMCM | PLL | Hard IP | Net                                            |
+-----------+-------+-----------------+------------+-------------+-----------------+------+-------------+------+-----+----+------+-----+---------+------------------------------------------------+
| g0        | n/a   | BUFG/O          | None       |        2772 |               0 | 2772 |           0 |    0 |   0 |  0 |    0 |   0 |       0 | design_1_i/processing_system7_0/inst/FCLK_CLK0 |
+-----------+-------+-----------------+------------+-------------+-----------------+------+-------------+------+-----+----+------+-----+---------+------------------------------------------------+
* Clock Loads column represents the clock pin loads (pin count). Internal cell leaf pins are not counted
** Non-Clock Loads column represents the non-clock pin loads (pin count)
*** Columns FF, LUTRAM, RAMB through 'Hard IP' represents load cell counts


17. Clock Region Cell Placement per Global Clock: Region X1Y0
-------------------------------------------------------------

+-----------+-------+-----------------+------------+-------------+-----------------+------+-------------+------+-----+----+------+-----+---------+------------------------------------------------+
| Global Id | Track | Driver Type/Pin | Constraint | Clock Loads | Non-Clock Loads | FF   | Memory LUTs | RAMB | DSP | GT | MMCM | PLL | Hard IP | Net                                            |
+-----------+-------+-----------------+------------+-------------+-----------------+------+-------------+------+-----+----+------+-----+---------+------------------------------------------------+
| g0        | n/a   | BUFG/O          | None       |        1828 |               0 | 1828 |           0 |    0 |   0 |  0 |    0 |   0 |       0 | design_1_i/processing_system7_0/inst/FCLK_CLK0 |
+-----------+-------+-----------------+------------+-------------+-----------------+------+-------------+------+-----+----+------+-----+---------+------------------------------------------------+
* Clock Loads column represents the clock pin loads (pin count). Internal cell leaf pins are not counted
** Non-Clock Loads column represents the non-clock pin loads (pin count)
*** Columns FF, LUTRAM, RAMB through 'Hard IP' represents load cell counts


18. Clock Region Cell Placement per Global Clock: Region X0Y1
-------------------------------------------------------------

+-----------+-------+-----------------+------------+-------------+-----------------+------+-------------+------+-----+----+------+-----+---------+------------------------------------------------+
| Global Id | Track | Driver Type/Pin | Constraint | Clock Loads | Non-Clock Loads | FF   | Memory LUTs | RAMB | DSP | GT | MMCM | PLL | Hard IP | Net                                            |
+-----------+-------+-----------------+------------+-------------+-----------------+------+-------------+------+-----+----+------+-----+---------+------------------------------------------------+
| g0        | n/a   | BUFG/O          | None       |        2958 |               0 | 2915 |           0 |    0 |  43 |  0 |    0 |   0 |       0 | design_1_i/processing_system7_0/inst/FCLK_CLK0 |
+-----------+-------+-----------------+------------+-------------+-----------------+------+-------------+------+-----+----+------+-----+---------+------------------------------------------------+
* Clock Loads column represents the clock pin loads (pin count). Internal cell leaf pins are not counted
** Non-Clock Loads column represents the non-clock pin loads (pin count)
*** Columns FF, LUTRAM, RAMB through 'Hard IP' represents load cell counts


19. Clock Region Cell Placement per Global Clock: Region X1Y1
-------------------------------------------------------------

+-----------+-------+-----------------+------------+-------------+-----------------+------+-------------+------+-----+----+------+-----+---------+------------------------------------------------+
| Global Id | Track | Driver Type/Pin | Constraint | Clock Loads | Non-Clock Loads | FF   | Memory LUTs | RAMB | DSP | GT | MMCM | PLL | Hard IP | Net                                            |
+-----------+-------+-----------------+------------+-------------+-----------------+------+-------------+------+-----+----+------+-----+---------+------------------------------------------------+
| g0        | n/a   | BUFG/O          | None       |        2441 |               0 | 2401 |           0 |    0 |  40 |  0 |    0 |   0 |       0 | design_1_i/processing_system7_0/inst/FCLK_CLK0 |
+-----------+-------+-----------------+------------+-------------+-----------------+------+-------------+------+-----+----+------+-----+---------+------------------------------------------------+
* Clock Loads column represents the clock pin loads (pin count). Internal cell leaf pins are not counted
** Non-Clock Loads column represents the non-clock pin loads (pin count)
*** Columns FF, LUTRAM, RAMB through 'Hard IP' represents load cell counts


20. Clock Region Cell Placement per Global Clock: Region X0Y2
-------------------------------------------------------------

+-----------+-------+-----------------+------------+-------------+-----------------+------+-------------+------+-----+----+------+-----+---------+------------------------------------------------+
| Global Id | Track | Driver Type/Pin | Constraint | Clock Loads | Non-Clock Loads | FF   | Memory LUTs | RAMB | DSP | GT | MMCM | PLL | Hard IP | Net                                            |
+-----------+-------+-----------------+------------+-------------+-----------------+------+-------------+------+-----+----+------+-----+---------+------------------------------------------------+
| g0        | n/a   | BUFG/O          | None       |        4128 |               0 | 3508 |         520 |   23 |  77 |  0 |    0 |   0 |       0 | design_1_i/processing_system7_0/inst/FCLK_CLK0 |
+-----------+-------+-----------------+------------+-------------+-----------------+------+-------------+------+-----+----+------+-----+---------+------------------------------------------------+
* Clock Loads column represents the clock pin loads (pin count). Internal cell leaf pins are not counted
** Non-Clock Loads column represents the non-clock pin loads (pin count)
*** Columns FF, LUTRAM, RAMB through 'Hard IP' represents load cell counts


21. Clock Region Cell Placement per Global Clock: Region X1Y2
-------------------------------------------------------------

+-----------+-------+-----------------+------------+-------------+-----------------+------+-------------+------+-----+----+------+-----+---------+------------------------------------------------------------+
| Global Id | Track | Driver Type/Pin | Constraint | Clock Loads | Non-Clock Loads | FF   | Memory LUTs | RAMB | DSP | GT | MMCM | PLL | Hard IP | Net                                                        |
+-----------+-------+-----------------+------------+-------------+-----------------+------+-------------+------+-----+----+------+-----+---------+------------------------------------------------------------+
| g0        | n/a   | BUFG/O          | None       |        3156 |               0 | 3101 |           8 |   10 |  37 |  0 |    0 |   0 |       0 | design_1_i/processing_system7_0/inst/FCLK_CLK0             |
| g7        | n/a   | BUFG/O          | None       |          35 |            1133 | 1149 |           0 |    0 |  19 |  0 |    0 |   0 |       0 | design_1_i/AM_DM_0/inst/AMDM1/myclk_diver64/clk_div64_BUFG |
+-----------+-------+-----------------+------------+-------------+-----------------+------+-------------+------+-----+----+------+-----+---------+------------------------------------------------------------+
* Clock Loads column represents the clock pin loads (pin count). Internal cell leaf pins are not counted
** Non-Clock Loads column represents the non-clock pin loads (pin count)
*** Columns FF, LUTRAM, RAMB through 'Hard IP' represents load cell counts


22. Clock Region Cell Placement per Global Clock: Region X0Y3
-------------------------------------------------------------

+-----------+-------+-----------------+------------+-------------+-----------------+------+-------------+------+-----+----+------+-----+---------+--------------------------------------------------------------------+
| Global Id | Track | Driver Type/Pin | Constraint | Clock Loads | Non-Clock Loads | FF   | Memory LUTs | RAMB | DSP | GT | MMCM | PLL | Hard IP | Net                                                                |
+-----------+-------+-----------------+------------+-------------+-----------------+------+-------------+------+-----+----+------+-----+---------+--------------------------------------------------------------------+
| g0        | n/a   | BUFG/O          | None       |       10821 |               0 | 7511 |        3198 |   33 |  78 |  0 |    0 |   0 |       0 | design_1_i/processing_system7_0/inst/FCLK_CLK0                     |
| g5        | n/a   | BUFG/O          | None       |          16 |             295 |  255 |          56 |    0 |   0 |  0 |    0 |   0 |       0 | design_1_i/PSK_DM_0/inst/test_dmfm/dm1/myclk_diver64/en_reg_0_BUFG |
| g6        | n/a   | BUFG/O          | None       |           0 |             787 |  787 |           0 |    0 |   0 |  0 |    0 |   0 |       0 | design_1_i/FM_DM_0/inst/test_dmfm/dm1/myclk_diver64/CLK_BUFG       |
| g7        | n/a   | BUFG/O          | None       |           0 |            1399 |  143 |        1256 |    0 |   0 |  0 |    0 |   0 |       0 | design_1_i/AM_DM_0/inst/AMDM1/myclk_diver64/clk_div64_BUFG         |
+-----------+-------+-----------------+------------+-------------+-----------------+------+-------------+------+-----+----+------+-----+---------+--------------------------------------------------------------------+
* Clock Loads column represents the clock pin loads (pin count). Internal cell leaf pins are not counted
** Non-Clock Loads column represents the non-clock pin loads (pin count)
*** Columns FF, LUTRAM, RAMB through 'Hard IP' represents load cell counts


23. Clock Region Cell Placement per Global Clock: Region X1Y3
-------------------------------------------------------------

+-----------+-------+-----------------+------------+-------------+-----------------+------+-------------+------+-----+----+------+-----+---------+--------------------------------------------------------------------+
| Global Id | Track | Driver Type/Pin | Constraint | Clock Loads | Non-Clock Loads | FF   | Memory LUTs | RAMB | DSP | GT | MMCM | PLL | Hard IP | Net                                                                |
+-----------+-------+-----------------+------------+-------------+-----------------+------+-------------+------+-----+----+------+-----+---------+--------------------------------------------------------------------+
| g0        | n/a   | BUFG/O          | None       |        5731 |               0 | 5400 |         277 |   21 |  33 |  0 |    0 |   0 |       0 | design_1_i/processing_system7_0/inst/FCLK_CLK0                     |
| g5        | n/a   | BUFG/O          | None       |           0 |            1065 | 1065 |           0 |    0 |   0 |  0 |    0 |   0 |       0 | design_1_i/PSK_DM_0/inst/test_dmfm/dm1/myclk_diver64/en_reg_0_BUFG |
| g6        | n/a   | BUFG/O          | None       |           0 |             388 |  387 |           1 |    0 |   0 |  0 |    0 |   0 |       0 | design_1_i/FM_DM_0/inst/test_dmfm/dm1/myclk_diver64/CLK_BUFG       |
| g7        | n/a   | BUFG/O          | None       |          12 |             575 |  395 |         180 |    0 |  12 |  0 |    0 |   0 |       0 | design_1_i/AM_DM_0/inst/AMDM1/myclk_diver64/clk_div64_BUFG         |
| g8        | n/a   | BUFG/O          | None       |           0 |               1 |    0 |           0 |    0 |   0 |  0 |    0 |   0 |       0 | design_1_i/DAC_3/AD5664_spi_0/inst/clk_25M_BUFG                    |
+-----------+-------+-----------------+------------+-------------+-----------------+------+-------------+------+-----+----+------+-----+---------+--------------------------------------------------------------------+
* Clock Loads column represents the clock pin loads (pin count). Internal cell leaf pins are not counted
** Non-Clock Loads column represents the non-clock pin loads (pin count)
*** Columns FF, LUTRAM, RAMB through 'Hard IP' represents load cell counts


24. Clock Region Cell Placement per Global Clock: Region X0Y4
-------------------------------------------------------------

+-----------+-------+-----------------+------------+-------------+-----------------+------+-------------+------+-----+----+------+-----+---------+--------------------------------------------------------------------+
| Global Id | Track | Driver Type/Pin | Constraint | Clock Loads | Non-Clock Loads | FF   | Memory LUTs | RAMB | DSP | GT | MMCM | PLL | Hard IP | Net                                                                |
+-----------+-------+-----------------+------------+-------------+-----------------+------+-------------+------+-----+----+------+-----+---------+--------------------------------------------------------------------+
| g0        | n/a   | BUFG/O          | None       |       13015 |               0 | 9654 |        3289 |   26 |  44 |  0 |    0 |   0 |       0 | design_1_i/processing_system7_0/inst/FCLK_CLK0                     |
| g1        | n/a   | BUFG/O          | None       |         354 |               0 |  354 |           0 |    0 |   0 |  0 |    0 |   0 |       0 | dbg_hub/inst/BSCANID.u_xsdbm_id/itck_i                             |
| g2        | n/a   | BUFG/O          | None       |           0 |               1 |    0 |           0 |    0 |   0 |  0 |    0 |   0 |       0 | design_1_i/FREQ_counter_AM/inst/EN_2_reg_0_BUFG                    |
| g4        | n/a   | BUFG/O          | None       |           0 |               1 |    0 |           0 |    0 |   0 |  0 |    0 |   0 |       0 | design_1_i/FREQ_counter_PSK/inst/EN_2_reg_0_BUFG                   |
| g5        | n/a   | BUFG/O          | None       |          49 |            2282 |  228 |        2102 |    0 |   0 |  0 |    0 |   0 |       0 | design_1_i/PSK_DM_0/inst/test_dmfm/dm1/myclk_diver64/en_reg_0_BUFG |
| g6        | n/a   | BUFG/O          | None       |           7 |            1414 | 1189 |         224 |    0 |   7 |  0 |    0 |   0 |       0 | design_1_i/FM_DM_0/inst/test_dmfm/dm1/myclk_diver64/CLK_BUFG       |
| g7        | n/a   | BUFG/O          | None       |           0 |             740 |   63 |         677 |    0 |   0 |  0 |    0 |   0 |       0 | design_1_i/AM_DM_0/inst/AMDM1/myclk_diver64/clk_div64_BUFG         |
| g8        | n/a   | BUFG/O          | None       |           0 |               1 |    0 |           1 |    0 |   0 |  0 |    0 |   0 |       0 | design_1_i/DAC_3/AD5664_spi_0/inst/clk_25M_BUFG                    |
+-----------+-------+-----------------+------------+-------------+-----------------+------+-------------+------+-----+----+------+-----+---------+--------------------------------------------------------------------+
* Clock Loads column represents the clock pin loads (pin count). Internal cell leaf pins are not counted
** Non-Clock Loads column represents the non-clock pin loads (pin count)
*** Columns FF, LUTRAM, RAMB through 'Hard IP' represents load cell counts


25. Clock Region Cell Placement per Global Clock: Region X1Y4
-------------------------------------------------------------

+-----------+-------+-----------------+------------+-------------+-----------------+-------+-------------+------+-----+----+------+-----+---------+--------------------------------------------------------------------+
| Global Id | Track | Driver Type/Pin | Constraint | Clock Loads | Non-Clock Loads | FF    | Memory LUTs | RAMB | DSP | GT | MMCM | PLL | Hard IP | Net                                                                |
+-----------+-------+-----------------+------------+-------------+-----------------+-------+-------------+------+-----+----+------+-----+---------+--------------------------------------------------------------------+
| g0        | n/a   | BUFG/O          | None       |       10719 |               0 | 10092 |         590 |   27 |  10 |  0 |    0 |   0 |       0 | design_1_i/processing_system7_0/inst/FCLK_CLK0                     |
| g1        | n/a   | BUFG/O          | None       |           3 |               0 |     3 |           0 |    0 |   0 |  0 |    0 |   0 |       0 | dbg_hub/inst/BSCANID.u_xsdbm_id/itck_i                             |
| g5        | n/a   | BUFG/O          | None       |           0 |            2309 |  2309 |           0 |    0 |   0 |  0 |    0 |   0 |       0 | design_1_i/PSK_DM_0/inst/test_dmfm/dm1/myclk_diver64/en_reg_0_BUFG |
| g6        | n/a   | BUFG/O          | None       |          49 |            3795 |  3382 |         428 |    0 |  33 |  0 |    0 |   0 |       0 | design_1_i/FM_DM_0/inst/test_dmfm/dm1/myclk_diver64/CLK_BUFG       |
| g7        | n/a   | BUFG/O          | None       |           0 |            1273 |  1185 |          88 |    0 |   0 |  0 |    0 |   0 |       0 | design_1_i/AM_DM_0/inst/AMDM1/myclk_diver64/clk_div64_BUFG         |
+-----------+-------+-----------------+------------+-------------+-----------------+-------+-------------+------+-----+----+------+-----+---------+--------------------------------------------------------------------+
* Clock Loads column represents the clock pin loads (pin count). Internal cell leaf pins are not counted
** Non-Clock Loads column represents the non-clock pin loads (pin count)
*** Columns FF, LUTRAM, RAMB through 'Hard IP' represents load cell counts


26. Clock Region Cell Placement per Global Clock: Region X0Y5
-------------------------------------------------------------

+-----------+-------+-----------------+------------+-------------+-----------------+------+-------------+------+-----+----+------+-----+---------+--------------------------------------------------------------------+
| Global Id | Track | Driver Type/Pin | Constraint | Clock Loads | Non-Clock Loads | FF   | Memory LUTs | RAMB | DSP | GT | MMCM | PLL | Hard IP | Net                                                                |
+-----------+-------+-----------------+------------+-------------+-----------------+------+-------------+------+-----+----+------+-----+---------+--------------------------------------------------------------------+
| g0        | n/a   | BUFG/O          | None       |        9074 |               0 | 6022 |        3036 |   16 |   0 |  0 |    0 |   0 |       0 | design_1_i/processing_system7_0/inst/FCLK_CLK0                     |
| g1        | n/a   | BUFG/O          | None       |          90 |               0 |   90 |           0 |    0 |   0 |  0 |    0 |   0 |       0 | dbg_hub/inst/BSCANID.u_xsdbm_id/itck_i                             |
| g2        | n/a   | BUFG/O          | None       |          78 |              64 |  142 |           0 |    0 |   0 |  0 |    0 |   0 |       0 | design_1_i/FREQ_counter_AM/inst/EN_2_reg_0_BUFG                    |
| g3        | n/a   | BUFG/O          | None       |          33 |              41 |   73 |           0 |    0 |   0 |  0 |    0 |   0 |       0 | design_1_i/FREQ_counter_FM/inst/EN_2_reg_0_BUFG                    |
| g5        | n/a   | BUFG/O          | None       |           3 |             516 |   82 |         435 |    0 |   0 |  0 |    0 |   0 |       0 | design_1_i/PSK_DM_0/inst/test_dmfm/dm1/myclk_diver64/en_reg_0_BUFG |
| g6        | n/a   | BUFG/O          | None       |           0 |            1152 |   93 |        1058 |    0 |   0 |  0 |    0 |   0 |       0 | design_1_i/FM_DM_0/inst/test_dmfm/dm1/myclk_diver64/CLK_BUFG       |
| g7        | n/a   | BUFG/O          | None       |           0 |            1497 |  104 |        1392 |    0 |   0 |  0 |    0 |   0 |       0 | design_1_i/AM_DM_0/inst/AMDM1/myclk_diver64/clk_div64_BUFG         |
| g8        | n/a   | BUFG/O          | None       |          34 |               2 |   34 |           0 |    0 |   0 |  0 |    0 |   0 |       0 | design_1_i/DAC_3/AD5664_spi_0/inst/clk_25M_BUFG                    |
+-----------+-------+-----------------+------------+-------------+-----------------+------+-------------+------+-----+----+------+-----+---------+--------------------------------------------------------------------+
* Clock Loads column represents the clock pin loads (pin count). Internal cell leaf pins are not counted
** Non-Clock Loads column represents the non-clock pin loads (pin count)
*** Columns FF, LUTRAM, RAMB through 'Hard IP' represents load cell counts


27. Clock Region Cell Placement per Global Clock: Region X1Y5
-------------------------------------------------------------

+-----------+-------+-----------------+------------+-------------+-----------------+------+-------------+------+-----+----+------+-----+---------+--------------------------------------------------------------------+
| Global Id | Track | Driver Type/Pin | Constraint | Clock Loads | Non-Clock Loads | FF   | Memory LUTs | RAMB | DSP | GT | MMCM | PLL | Hard IP | Net                                                                |
+-----------+-------+-----------------+------------+-------------+-----------------+------+-------------+------+-----+----+------+-----+---------+--------------------------------------------------------------------+
| g0        | n/a   | BUFG/O          | None       |        5677 |               0 | 5242 |         426 |    9 |   0 |  0 |    0 |   0 |       0 | design_1_i/processing_system7_0/inst/FCLK_CLK0                     |
| g1        | n/a   | BUFG/O          | None       |          39 |               0 |   39 |           0 |    0 |   0 |  0 |    0 |   0 |       0 | dbg_hub/inst/BSCANID.u_xsdbm_id/itck_i                             |
| g5        | n/a   | BUFG/O          | None       |           0 |            1337 | 1337 |           0 |    0 |   0 |  0 |    0 |   0 |       0 | design_1_i/PSK_DM_0/inst/test_dmfm/dm1/myclk_diver64/en_reg_0_BUFG |
| g6        | n/a   | BUFG/O          | None       |           0 |            1499 | 1163 |         336 |    0 |   0 |  0 |    0 |   0 |       0 | design_1_i/FM_DM_0/inst/test_dmfm/dm1/myclk_diver64/CLK_BUFG       |
| g7        | n/a   | BUFG/O          | None       |           0 |            1583 | 1583 |           0 |    0 |   0 |  0 |    0 |   0 |       0 | design_1_i/AM_DM_0/inst/AMDM1/myclk_diver64/clk_div64_BUFG         |
+-----------+-------+-----------------+------------+-------------+-----------------+------+-------------+------+-----+----+------+-----+---------+--------------------------------------------------------------------+
* Clock Loads column represents the clock pin loads (pin count). Internal cell leaf pins are not counted
** Non-Clock Loads column represents the non-clock pin loads (pin count)
*** Columns FF, LUTRAM, RAMB through 'Hard IP' represents load cell counts


28. Clock Region Cell Placement per Global Clock: Region X0Y6
-------------------------------------------------------------

+-----------+-------+-----------------+------------+-------------+-----------------+------+-------------+------+-----+----+------+-----+---------+--------------------------------------------------------------+
| Global Id | Track | Driver Type/Pin | Constraint | Clock Loads | Non-Clock Loads | FF   | Memory LUTs | RAMB | DSP | GT | MMCM | PLL | Hard IP | Net                                                          |
+-----------+-------+-----------------+------------+-------------+-----------------+------+-------------+------+-----+----+------+-----+---------+--------------------------------------------------------------+
| g0        | n/a   | BUFG/O          | None       |        2695 |               0 | 2148 |         536 |    9 |   0 |  0 |    0 |   0 |       0 | design_1_i/processing_system7_0/inst/FCLK_CLK0               |
| g3        | n/a   | BUFG/O          | None       |          45 |              26 |   69 |           1 |    0 |   0 |  0 |    0 |   0 |       0 | design_1_i/FREQ_counter_FM/inst/EN_2_reg_0_BUFG              |
| g4        | n/a   | BUFG/O          | None       |          78 |              64 |  142 |           0 |    0 |   0 |  0 |    0 |   0 |       0 | design_1_i/FREQ_counter_PSK/inst/EN_2_reg_0_BUFG             |
| g6        | n/a   | BUFG/O          | None       |           0 |             333 |    1 |         332 |    0 |   0 |  0 |    0 |   0 |       0 | design_1_i/FM_DM_0/inst/test_dmfm/dm1/myclk_diver64/CLK_BUFG |
| g7        | n/a   | BUFG/O          | None       |           0 |             136 |    0 |         136 |    0 |   0 |  0 |    0 |   0 |       0 | design_1_i/AM_DM_0/inst/AMDM1/myclk_diver64/clk_div64_BUFG   |
+-----------+-------+-----------------+------------+-------------+-----------------+------+-------------+------+-----+----+------+-----+---------+--------------------------------------------------------------+
* Clock Loads column represents the clock pin loads (pin count). Internal cell leaf pins are not counted
** Non-Clock Loads column represents the non-clock pin loads (pin count)
*** Columns FF, LUTRAM, RAMB through 'Hard IP' represents load cell counts


29. Clock Region Cell Placement per Global Clock: Region X1Y6
-------------------------------------------------------------

+-----------+-------+-----------------+------------+-------------+-----------------+-----+-------------+------+-----+----+------+-----+---------+--------------------------------------------------------------------+
| Global Id | Track | Driver Type/Pin | Constraint | Clock Loads | Non-Clock Loads | FF  | Memory LUTs | RAMB | DSP | GT | MMCM | PLL | Hard IP | Net                                                                |
+-----------+-------+-----------------+------------+-------------+-----------------+-----+-------------+------+-----+----+------+-----+---------+--------------------------------------------------------------------+
| g0        | n/a   | BUFG/O          | None       |         647 |               0 | 639 |           8 |    0 |   0 |  0 |    0 |   0 |       0 | design_1_i/processing_system7_0/inst/FCLK_CLK0                     |
| g5        | n/a   | BUFG/O          | None       |           0 |             114 | 114 |           0 |    0 |   0 |  0 |    0 |   0 |       0 | design_1_i/PSK_DM_0/inst/test_dmfm/dm1/myclk_diver64/en_reg_0_BUFG |
| g6        | n/a   | BUFG/O          | None       |           0 |             340 | 340 |           0 |    0 |   0 |  0 |    0 |   0 |       0 | design_1_i/FM_DM_0/inst/test_dmfm/dm1/myclk_diver64/CLK_BUFG       |
| g7        | n/a   | BUFG/O          | None       |           0 |             166 | 166 |           0 |    0 |   0 |  0 |    0 |   0 |       0 | design_1_i/AM_DM_0/inst/AMDM1/myclk_diver64/clk_div64_BUFG         |
+-----------+-------+-----------------+------------+-------------+-----------------+-----+-------------+------+-----+----+------+-----+---------+--------------------------------------------------------------------+
* Clock Loads column represents the clock pin loads (pin count). Internal cell leaf pins are not counted
** Non-Clock Loads column represents the non-clock pin loads (pin count)
*** Columns FF, LUTRAM, RAMB through 'Hard IP' represents load cell counts



# Location of BUFG Primitives 
set_property LOC BUFGCTRL_X0Y16 [get_cells design_1_i/processing_system7_0/inst/buffer_fclk_clk_0.FCLK_CLK_0_BUFG]
set_property LOC BUFGCTRL_X0Y2 [get_cells design_1_i/PSK_DM_0/inst/test_dmfm/dm1/myclk_diver64/en_reg_0_BUFG_inst]
set_property LOC BUFGCTRL_X0Y6 [get_cells design_1_i/FREQ_counter_PSK/inst/EN_2_reg_0_BUFG_inst]
set_property LOC BUFGCTRL_X0Y4 [get_cells design_1_i/FREQ_counter_FM/inst/EN_2_reg_0_BUFG_inst]
set_property LOC BUFGCTRL_X0Y5 [get_cells design_1_i/FREQ_counter_AM/inst/EN_2_reg_0_BUFG_inst]
set_property LOC BUFGCTRL_X0Y0 [get_cells design_1_i/FM_DM_0/inst/test_dmfm/dm1/myclk_diver64/CLK_BUFG_inst]
set_property LOC BUFGCTRL_X0Y7 [get_cells design_1_i/DAC_3/AD5664_spi_0/inst/clk_25M_BUFG_inst]
set_property LOC BUFGCTRL_X0Y1 [get_cells design_1_i/AM_DM_0/inst/AMDM1/myclk_diver64/clk_div64_BUFG_inst]
set_property LOC BUFGCTRL_X0Y3 [get_cells dbg_hub/inst/BSCANID.u_xsdbm_id/SWITCH_N_EXT_BSCAN.u_bufg_icon_tck]

# Location of IO Primitives which is load of clock spine

# Location of clock ports

# Clock net "design_1_i/processing_system7_0/inst/FCLK_CLK0" driven by instance "design_1_i/processing_system7_0/inst/buffer_fclk_clk_0.FCLK_CLK_0_BUFG" located at site "BUFGCTRL_X0Y16"
#startgroup
create_pblock {CLKAG_design_1_i/processing_system7_0/inst/FCLK_CLK0}
add_cells_to_pblock [get_pblocks  {CLKAG_design_1_i/processing_system7_0/inst/FCLK_CLK0}] [get_cells -filter { PRIMITIVE_GROUP != I/O && IS_PRIMITIVE==1 && PRIMITIVE_LEVEL !=INTERNAL } -of_object [get_pins -filter {DIRECTION==IN} -of_objects [get_nets -hierarchical -filter {PARENT=="design_1_i/processing_system7_0/inst/FCLK_CLK0"}]]]
resize_pblock [get_pblocks {CLKAG_design_1_i/processing_system7_0/inst/FCLK_CLK0}] -add {CLOCKREGION_X0Y0:CLOCKREGION_X0Y0 CLOCKREGION_X0Y1:CLOCKREGION_X0Y1 CLOCKREGION_X0Y2:CLOCKREGION_X0Y2 CLOCKREGION_X0Y3:CLOCKREGION_X0Y3 CLOCKREGION_X0Y4:CLOCKREGION_X0Y4 CLOCKREGION_X0Y5:CLOCKREGION_X0Y5 CLOCKREGION_X0Y6:CLOCKREGION_X0Y6 CLOCKREGION_X1Y0:CLOCKREGION_X1Y0 CLOCKREGION_X1Y1:CLOCKREGION_X1Y1 CLOCKREGION_X1Y2:CLOCKREGION_X1Y2 CLOCKREGION_X1Y3:CLOCKREGION_X1Y3 CLOCKREGION_X1Y4:CLOCKREGION_X1Y4 CLOCKREGION_X1Y5:CLOCKREGION_X1Y5 CLOCKREGION_X1Y6:CLOCKREGION_X1Y6}
#endgroup

# Clock net "design_1_i/PSK_DM_0/inst/test_dmfm/dm1/myclk_diver64/en_reg_0_BUFG" driven by instance "design_1_i/PSK_DM_0/inst/test_dmfm/dm1/myclk_diver64/en_reg_0_BUFG_inst" located at site "BUFGCTRL_X0Y2"
#startgroup
create_pblock {CLKAG_design_1_i/PSK_DM_0/inst/test_dmfm/dm1/myclk_diver64/en_reg_0_BUFG}
add_cells_to_pblock [get_pblocks  {CLKAG_design_1_i/PSK_DM_0/inst/test_dmfm/dm1/myclk_diver64/en_reg_0_BUFG}] [get_cells -filter { PRIMITIVE_GROUP != I/O && IS_PRIMITIVE==1 && PRIMITIVE_LEVEL !=INTERNAL } -of_object [get_pins -filter {DIRECTION==IN} -of_objects [get_nets -hierarchical -filter {PARENT=="design_1_i/PSK_DM_0/inst/test_dmfm/dm1/myclk_diver64/en_reg_0_BUFG"}]]]
resize_pblock [get_pblocks {CLKAG_design_1_i/PSK_DM_0/inst/test_dmfm/dm1/myclk_diver64/en_reg_0_BUFG}] -add {CLOCKREGION_X0Y3:CLOCKREGION_X0Y3 CLOCKREGION_X0Y4:CLOCKREGION_X0Y4 CLOCKREGION_X0Y5:CLOCKREGION_X0Y5 CLOCKREGION_X1Y3:CLOCKREGION_X1Y3 CLOCKREGION_X1Y4:CLOCKREGION_X1Y4 CLOCKREGION_X1Y5:CLOCKREGION_X1Y5 CLOCKREGION_X1Y6:CLOCKREGION_X1Y6}
#endgroup

# Clock net "design_1_i/FREQ_counter_PSK/inst/EN_2_reg_0_BUFG" driven by instance "design_1_i/FREQ_counter_PSK/inst/EN_2_reg_0_BUFG_inst" located at site "BUFGCTRL_X0Y6"
#startgroup
create_pblock {CLKAG_design_1_i/FREQ_counter_PSK/inst/EN_2_reg_0_BUFG}
add_cells_to_pblock [get_pblocks  {CLKAG_design_1_i/FREQ_counter_PSK/inst/EN_2_reg_0_BUFG}] [get_cells -filter { PRIMITIVE_GROUP != I/O && IS_PRIMITIVE==1 && PRIMITIVE_LEVEL !=INTERNAL } -of_object [get_pins -filter {DIRECTION==IN} -of_objects [get_nets -hierarchical -filter {PARENT=="design_1_i/FREQ_counter_PSK/inst/EN_2_reg_0_BUFG"}]]]
resize_pblock [get_pblocks {CLKAG_design_1_i/FREQ_counter_PSK/inst/EN_2_reg_0_BUFG}] -add {CLOCKREGION_X0Y4:CLOCKREGION_X0Y4 CLOCKREGION_X0Y6:CLOCKREGION_X0Y6}
#endgroup

# Clock net "design_1_i/FREQ_counter_FM/inst/EN_2_reg_0_BUFG" driven by instance "design_1_i/FREQ_counter_FM/inst/EN_2_reg_0_BUFG_inst" located at site "BUFGCTRL_X0Y4"
#startgroup
create_pblock {CLKAG_design_1_i/FREQ_counter_FM/inst/EN_2_reg_0_BUFG}
add_cells_to_pblock [get_pblocks  {CLKAG_design_1_i/FREQ_counter_FM/inst/EN_2_reg_0_BUFG}] [get_cells -filter { PRIMITIVE_GROUP != I/O && IS_PRIMITIVE==1 && PRIMITIVE_LEVEL !=INTERNAL } -of_object [get_pins -filter {DIRECTION==IN} -of_objects [get_nets -hierarchical -filter {PARENT=="design_1_i/FREQ_counter_FM/inst/EN_2_reg_0_BUFG"}]]]
resize_pblock [get_pblocks {CLKAG_design_1_i/FREQ_counter_FM/inst/EN_2_reg_0_BUFG}] -add {CLOCKREGION_X0Y5:CLOCKREGION_X0Y5 CLOCKREGION_X0Y6:CLOCKREGION_X0Y6}
#endgroup

# Clock net "design_1_i/FREQ_counter_AM/inst/EN_2_reg_0_BUFG" driven by instance "design_1_i/FREQ_counter_AM/inst/EN_2_reg_0_BUFG_inst" located at site "BUFGCTRL_X0Y5"
#startgroup
create_pblock {CLKAG_design_1_i/FREQ_counter_AM/inst/EN_2_reg_0_BUFG}
add_cells_to_pblock [get_pblocks  {CLKAG_design_1_i/FREQ_counter_AM/inst/EN_2_reg_0_BUFG}] [get_cells -filter { PRIMITIVE_GROUP != I/O && IS_PRIMITIVE==1 && PRIMITIVE_LEVEL !=INTERNAL } -of_object [get_pins -filter {DIRECTION==IN} -of_objects [get_nets -hierarchical -filter {PARENT=="design_1_i/FREQ_counter_AM/inst/EN_2_reg_0_BUFG"}]]]
resize_pblock [get_pblocks {CLKAG_design_1_i/FREQ_counter_AM/inst/EN_2_reg_0_BUFG}] -add {CLOCKREGION_X0Y4:CLOCKREGION_X0Y4 CLOCKREGION_X0Y5:CLOCKREGION_X0Y5}
#endgroup

# Clock net "design_1_i/FM_DM_0/inst/test_dmfm/dm1/myclk_diver64/CLK_BUFG" driven by instance "design_1_i/FM_DM_0/inst/test_dmfm/dm1/myclk_diver64/CLK_BUFG_inst" located at site "BUFGCTRL_X0Y0"
#startgroup
create_pblock {CLKAG_design_1_i/FM_DM_0/inst/test_dmfm/dm1/myclk_diver64/CLK_BUFG}
add_cells_to_pblock [get_pblocks  {CLKAG_design_1_i/FM_DM_0/inst/test_dmfm/dm1/myclk_diver64/CLK_BUFG}] [get_cells -filter { PRIMITIVE_GROUP != I/O && IS_PRIMITIVE==1 && PRIMITIVE_LEVEL !=INTERNAL } -of_object [get_pins -filter {DIRECTION==IN} -of_objects [get_nets -hierarchical -filter {PARENT=="design_1_i/FM_DM_0/inst/test_dmfm/dm1/myclk_diver64/CLK_BUFG"}]]]
resize_pblock [get_pblocks {CLKAG_design_1_i/FM_DM_0/inst/test_dmfm/dm1/myclk_diver64/CLK_BUFG}] -add {CLOCKREGION_X0Y3:CLOCKREGION_X0Y3 CLOCKREGION_X0Y4:CLOCKREGION_X0Y4 CLOCKREGION_X0Y5:CLOCKREGION_X0Y5 CLOCKREGION_X0Y6:CLOCKREGION_X0Y6 CLOCKREGION_X1Y3:CLOCKREGION_X1Y3 CLOCKREGION_X1Y4:CLOCKREGION_X1Y4 CLOCKREGION_X1Y5:CLOCKREGION_X1Y5 CLOCKREGION_X1Y6:CLOCKREGION_X1Y6}
#endgroup

# Clock net "design_1_i/DAC_3/AD5664_spi_0/inst/clk_25M_BUFG" driven by instance "design_1_i/DAC_3/AD5664_spi_0/inst/clk_25M_BUFG_inst" located at site "BUFGCTRL_X0Y7"
#startgroup
create_pblock {CLKAG_design_1_i/DAC_3/AD5664_spi_0/inst/clk_25M_BUFG}
add_cells_to_pblock [get_pblocks  {CLKAG_design_1_i/DAC_3/AD5664_spi_0/inst/clk_25M_BUFG}] [get_cells -filter { PRIMITIVE_GROUP != I/O && IS_PRIMITIVE==1 && PRIMITIVE_LEVEL !=INTERNAL } -of_object [get_pins -filter {DIRECTION==IN} -of_objects [get_nets -hierarchical -filter {PARENT=="design_1_i/DAC_3/AD5664_spi_0/inst/clk_25M_BUFG"}]]]
resize_pblock [get_pblocks {CLKAG_design_1_i/DAC_3/AD5664_spi_0/inst/clk_25M_BUFG}] -add {CLOCKREGION_X0Y4:CLOCKREGION_X0Y4 CLOCKREGION_X0Y5:CLOCKREGION_X0Y5 CLOCKREGION_X1Y3:CLOCKREGION_X1Y3}
#endgroup

# Clock net "design_1_i/AM_DM_0/inst/AMDM1/myclk_diver64/clk_div64_BUFG" driven by instance "design_1_i/AM_DM_0/inst/AMDM1/myclk_diver64/clk_div64_BUFG_inst" located at site "BUFGCTRL_X0Y1"
#startgroup
create_pblock {CLKAG_design_1_i/AM_DM_0/inst/AMDM1/myclk_diver64/clk_div64_BUFG}
add_cells_to_pblock [get_pblocks  {CLKAG_design_1_i/AM_DM_0/inst/AMDM1/myclk_diver64/clk_div64_BUFG}] [get_cells -filter { PRIMITIVE_GROUP != I/O && IS_PRIMITIVE==1 && PRIMITIVE_LEVEL !=INTERNAL } -of_object [get_pins -filter {DIRECTION==IN} -of_objects [get_nets -hierarchical -filter {PARENT=="design_1_i/AM_DM_0/inst/AMDM1/myclk_diver64/clk_div64_BUFG"}]]]
resize_pblock [get_pblocks {CLKAG_design_1_i/AM_DM_0/inst/AMDM1/myclk_diver64/clk_div64_BUFG}] -add {CLOCKREGION_X0Y3:CLOCKREGION_X0Y3 CLOCKREGION_X0Y4:CLOCKREGION_X0Y4 CLOCKREGION_X0Y5:CLOCKREGION_X0Y5 CLOCKREGION_X0Y6:CLOCKREGION_X0Y6 CLOCKREGION_X1Y2:CLOCKREGION_X1Y2 CLOCKREGION_X1Y3:CLOCKREGION_X1Y3 CLOCKREGION_X1Y4:CLOCKREGION_X1Y4 CLOCKREGION_X1Y5:CLOCKREGION_X1Y5 CLOCKREGION_X1Y6:CLOCKREGION_X1Y6}
#endgroup

# Clock net "dbg_hub/inst/BSCANID.u_xsdbm_id/itck_i" driven by instance "dbg_hub/inst/BSCANID.u_xsdbm_id/SWITCH_N_EXT_BSCAN.u_bufg_icon_tck" located at site "BUFGCTRL_X0Y3"
#startgroup
create_pblock {CLKAG_dbg_hub/inst/BSCANID.u_xsdbm_id/itck_i}
add_cells_to_pblock [get_pblocks  {CLKAG_dbg_hub/inst/BSCANID.u_xsdbm_id/itck_i}] [get_cells -filter { PRIMITIVE_GROUP != I/O && IS_PRIMITIVE==1 && PRIMITIVE_LEVEL !=INTERNAL } -of_object [get_pins -filter {DIRECTION==IN} -of_objects [get_nets -hierarchical -filter {PARENT=="dbg_hub/inst/BSCANID.u_xsdbm_id/itck_i"}]]]
resize_pblock [get_pblocks {CLKAG_dbg_hub/inst/BSCANID.u_xsdbm_id/itck_i}] -add {CLOCKREGION_X0Y4:CLOCKREGION_X0Y4 CLOCKREGION_X0Y5:CLOCKREGION_X0Y5 CLOCKREGION_X1Y4:CLOCKREGION_X1Y4 CLOCKREGION_X1Y5:CLOCKREGION_X1Y5}
#endgroup
